// Jest Snapshot v1, https://goo.gl/fbAQLP

exports[`matches snapshot 1`] = `
<div>
  <div>
    <div
      class="EditableToDo"
    >
      <div
        class="mb-3"
      >
        <div
          class="float-end text-sm-end"
        >
          <button
            class="EditableTodo-toggle btn-link btn btn-sm"
          >
            Edit
          </button>
          <button
            class="EditableTodo-delBtn btn-link btn btn-sm text-danger"
          >
            Del
          </button>
        </div>
        <div>
          <div
            class="Todo"
          >
            <div>
              <b>
                test5
              </b>
               
              <small>
                (priority: 
                3
                )
              </small>
            </div>
            <div>
              <small>
                test description5
              </small>
            </div>
          </div>
        </div>
      </div>
    </div>
  </div>
</div>
`;
